Menu Principal
1 - Novo
2 - Abrir
3 - Guardar
4 - Menu de Edição
5 - Menu de Consultas
0 - Sair
Escolha uma opção: 4
Menu de Edição
1 - Visualizar
2 - Inserir
3 - Copiar
4 - Apagar
5 - Cortar
6 - Colar
7 - Mostrar 'cut buffer'
0 - Sair
Escolha uma opção: 3
Especifique a gama (startline;startcol:endline;endcol): 1;35:23;25
Copiar: Operação inválida: A gama '1;35:23;25' é inválida.
Menu de Edição
1 - Visualizar
2 - Inserir
3 - Copiar
4 - Apagar
5 - Cortar
6 - Colar
7 - Mostrar 'cut buffer'
0 - Sair
Escolha uma opção: 3
Especifique a gama (startline;startcol:endline;endcol): 1;1:55;1
Copiar: Operação inválida: A gama '1;1:55;1' é inválida.
Menu de Edição
1 - Visualizar
2 - Inserir
3 - Copiar
4 - Apagar
5 - Cortar
6 - Colar
7 - Mostrar 'cut buffer'
0 - Sair
Escolha uma opção: 0
Menu Principal
1 - Novo
2 - Abrir
3 - Guardar
4 - Menu de Edição
5 - Menu de Consultas
0 - Sair
Escolha uma opção: 0
