Menu Principal
1 - Novo
2 - Abrir
3 - Guardar
4 - Menu de Edição
5 - Menu de Consultas
0 - Sair
Escolha uma opção: 1
Guardar antes de fechar? s
Ficheiro sem nome. Guardar ficheiro como: saved27
Especifique o número de linhas da folha: 34
Especifique o número de colunas da folha: 43
Menu Principal
1 - Novo
2 - Abrir
3 - Guardar
4 - Menu de Edição
5 - Menu de Consultas
0 - Sair
Escolha uma opção: 0
