Menu Principal
1 - Novo
2 - Abrir
3 - Guardar
4 - Menu de Edição
5 - Menu de Consultas
0 - Sair
Escolha uma opção: 4
Menu de Edição
1 - Visualizar
2 - Inserir
3 - Copiar
4 - Apagar
5 - Cortar
6 - Colar
7 - Mostrar 'cut buffer'
0 - Sair
Escolha uma opção: 3
Especifique a gama (startline;startcol:endline;endcol): 2;1:2;3
Menu de Edição
1 - Visualizar
2 - Inserir
3 - Copiar
4 - Apagar
5 - Cortar
6 - Colar
7 - Mostrar 'cut buffer'
0 - Sair
Escolha uma opção: 7
1;1|25
1;2|43
1;3|5=3;2
Menu de Edição
1 - Visualizar
2 - Inserir
3 - Copiar
4 - Apagar
5 - Cortar
6 - Colar
7 - Mostrar 'cut buffer'
0 - Sair
Escolha uma opção: 6
Especifique a gama (startline;startcol:endline;endcol): 5;1:5;3
Menu de Edição
1 - Visualizar
2 - Inserir
3 - Copiar
4 - Apagar
5 - Cortar
6 - Colar
7 - Mostrar 'cut buffer'
0 - Sair
Escolha uma opção: 1
Especifique a gama (startline;startcol:endline;endcol): 5;1:5;3
5;1|25
5;2|43
5;3|5=3;2
Menu de Edição
1 - Visualizar
2 - Inserir
3 - Copiar
4 - Apagar
5 - Cortar
6 - Colar
7 - Mostrar 'cut buffer'
0 - Sair
Escolha uma opção: 0
Menu Principal
1 - Novo
2 - Abrir
3 - Guardar
4 - Menu de Edição
5 - Menu de Consultas
0 - Sair
Escolha uma opção: 0
