Menu Principal
1 - Novo
2 - Abrir
3 - Guardar
4 - Menu de Edição
5 - Menu de Consultas
0 - Sair
Escolha uma opção: 5
Menu de Consultas
1 - Procurar valores
2 - Procurar funções
0 - Sair
Escolha uma opção: 1
Valor a procurar: '123
1;1|'123
2;4|'123=COALESCE(1;1:1;2)
Menu de Consultas
1 - Procurar valores
2 - Procurar funções
0 - Sair
Escolha uma opção: 1
Valor a procurar: '123456
2;3|'123456=CONCAT(1;1:1;2)
Menu de Consultas
1 - Procurar valores
2 - Procurar funções
0 - Sair
Escolha uma opção: 0
Menu Principal
1 - Novo
2 - Abrir
3 - Guardar
4 - Menu de Edição
5 - Menu de Consultas
0 - Sair
Escolha uma opção: 0
